// Jest Snapshot v1, https://goo.gl/fbAQLP

exports[`Recipe should render Recipe component 1`] = `
<div
  className="recipe thumbnail"
>
  <a
    href="www.strinkyfruit.com/source"
    rel="noopener noreferer"
    target="_blank"
  >
    <img
      alt="stinky fruit"
      src="www.stinkyfruit.com"
      style={
        Object {
          "height": 300,
        }
      }
    />
  </a>
  <div
    className="caption"
  >
    <h5
      className="recipe__name"
    >
      Stinky Fruit
    </h5>
    <h6
      className="recipe__source"
    >
      by 
      Stinky Fruit Blog
    </h6>
    <div
      className="recipe__keywords"
    >
      <div
        className="recipe__pill"
      >
        <span
          className="label label-pill label-info"
          style={
            Object {
              "fontSize": 14,
            }
          }
        >
          stinky
        </span>
      </div>
      <div
        className="recipe__pill"
      >
        <span
          className="label label-pill label-info"
          style={
            Object {
              "fontSize": 14,
            }
          }
        >
          sour
        </span>
      </div>
    </div>
  </div>
</div>
`;
